yum error – Public key for *.rpm is not installed

$ yum install {package-name} --nogpgcheck

###############################################################

Go to repo directory and edit the repo config file.

#vi /etc/yum.repos.d/myrpm.repo

[rhel-myrpms]
name=Red Hat Enterprise Linux $releasever - RPMs
baseurl=file:///var/ftp/pub/serverrpm
enabled=1
gpgcheck=0 -------------------------//Modify this value as '0'
gpgkey=file:///etc/pki/rpm-gpg/RPM-GPG-KEY-redhat-release  //you can give this key path if the above gpcheck value is '1'

########################################################################

But best practice is: first cd to:

$ cd /etc/pki/rpm-gpg

Then do a wget command, here’s an example:

$ wget -O http://yum.theforeman.org/releases/1.8/RPM-GPG-KEY-foreman

then import it into rpm db like this:

$ rpm --import RPM-GPG-KEY-foreman

You can list all the imported keys like this:

$ rpm -qa gpg*

then to check it have worked, you can do:

$ rpm -qi gpg-pubkey-225c9b71-54fda121

 Name : gpg-pubkey Relocations: (not relocatable)
 Version : 225c9b71 Vendor: (none)
 Release : 54fda121 Build Date: Wed 28 Oct 2015 11:41:38 AM GMT
 Install Date: Wed 28 Oct 2015 11:41:38 AM GMT Build Host: localhost
 Group : Public Keys Source RPM: (none)
 Size : 0 License: pubkey
 Signature : (none)
 Summary : gpg(Foreman Release Signing Key (1.8) <packages@theforeman.org>)
 Description :
 -----BEGIN PGP PUBLIC KEY BLOCK-----

1. Disable the rpm signature check in YUM repo config

2. Import the public keys on server

Way 1: How to Disable the signature check for RPMs?


save and exit.

Now you can install any rpm using yum and it wont check the key signature. If this gpcheck is enabled then you need to mention the key path like above file.


Way 2 : How to import the key public key files for RPM ?


# find / -name *GPG*    //find the publick key file & locations


Then import the public keys using below commands.

for me i got below locations , so i installed like below

# rpm --import /etc/pki/rpm-gpg/RPM-GPG-KEY-redhat-release

# rpm --import /etc/pki/rpm-gpg/RPM-GPG-KEY-redhat-auxiliary

# rpm --import /etc/pki/rpm-gpg/RPM-GPG-KEY-redhat-beta

# rpm --import /etc/pki/rpm-gpg/RPM-GPG-KEY-former

# rpm --import /etc/pki/rpm-gpg/RPM-GPG-KEY-redhat-rhx

Then now you can install any rpm . And now you wont get any key error, the keys will be verified using the imported key.